// Jest Snapshot v1, https://goo.gl/fbAQLP

exports[`<Accordion /> opens and closes the <Accordion /> component 1`] = `
<div
  class="accordion__Container-sc-1ocdupn-0 hzlfrq"
>
  <div
    class="accordion__Inner-sc-1ocdupn-1 iOtCVp"
  >
    <h1
      class="accordion__Title-sc-1ocdupn-5 hSscJT"
    >
      Frequently Asked Questions
    </h1>
    <div
      class="accordion__Item-sc-1ocdupn-2 dsUgAB"
    >
      <div
        class="accordion__Header-sc-1ocdupn-3 gxpwDH"
      >
        What is Filmix?
        <img
          alt="Open"
          src="/images/icons/add.png"
        />
      </div>
    </div>
    <div
      class="accordion__Item-sc-1ocdupn-2 dsUgAB"
    >
      <div
        class="accordion__Header-sc-1ocdupn-3 gxpwDH"
      >
        How much does Filmix cost?
        <img
          alt="Open"
          src="/images/icons/add.png"
        />
      </div>
    </div>
    <div
      class="accordion__Item-sc-1ocdupn-2 dsUgAB"
    >
      <div
        class="accordion__Header-sc-1ocdupn-3 gxpwDH"
      >
        Where can I watch?
        <img
          alt="Open"
          src="/images/icons/add.png"
        />
      </div>
    </div>
    <div
      class="accordion__Item-sc-1ocdupn-2 dsUgAB"
    >
      <div
        class="accordion__Header-sc-1ocdupn-3 gxpwDH"
      >
        How do I cancel?
        <img
          alt="Open"
          src="/images/icons/add.png"
        />
      </div>
    </div>
    <div
      class="accordion__Item-sc-1ocdupn-2 dsUgAB"
    >
      <div
        class="accordion__Header-sc-1ocdupn-3 gxpwDH"
      >
        What can I watch on Filmix?
        <img
          alt="Open"
          src="/images/icons/add.png"
        />
      </div>
    </div>
  </div>
</div>
`;

exports[`<Accordion /> renders the <Accordion /> with populated data 1`] = `
<div
  class="accordion__Container-sc-1ocdupn-0 hzlfrq"
>
  <div
    class="accordion__Inner-sc-1ocdupn-1 iOtCVp"
  >
    <h1
      class="accordion__Title-sc-1ocdupn-5 hSscJT"
    >
      Frequently Asked Questions
    </h1>
    <div
      class="accordion__Item-sc-1ocdupn-2 dsUgAB"
    >
      <div
        class="accordion__Header-sc-1ocdupn-3 gxpwDH"
      >
        What is Filmix?
        <img
          alt="Open"
          src="/images/icons/add.png"
        />
      </div>
    </div>
    <div
      class="accordion__Item-sc-1ocdupn-2 dsUgAB"
    >
      <div
        class="accordion__Header-sc-1ocdupn-3 gxpwDH"
      >
        How much does Filmix cost?
        <img
          alt="Open"
          src="/images/icons/add.png"
        />
      </div>
    </div>
    <div
      class="accordion__Item-sc-1ocdupn-2 dsUgAB"
    >
      <div
        class="accordion__Header-sc-1ocdupn-3 gxpwDH"
      >
        Where can I watch?
        <img
          alt="Open"
          src="/images/icons/add.png"
        />
      </div>
    </div>
    <div
      class="accordion__Item-sc-1ocdupn-2 dsUgAB"
    >
      <div
        class="accordion__Header-sc-1ocdupn-3 gxpwDH"
      >
        How do I cancel?
        <img
          alt="Open"
          src="/images/icons/add.png"
        />
      </div>
    </div>
    <div
      class="accordion__Item-sc-1ocdupn-2 dsUgAB"
    >
      <div
        class="accordion__Header-sc-1ocdupn-3 gxpwDH"
      >
        What can I watch on Filmix?
        <img
          alt="Open"
          src="/images/icons/add.png"
        />
      </div>
    </div>
  </div>
</div>
`;
