// Jest Snapshot v1, https://goo.gl/fbAQLP

exports[`<Jumbotron /> renders the <Jumbotron /> with populared data 1`] = `
<div
  class="jumbotron__Container-sc-57ucq2-2 gzhyCd"
>
  <div
    class="jumbotron__Item-sc-57ucq2-0 fncCVE"
  >
    <div
      class="jumbotron__Inner-sc-57ucq2-1 dJqmoB"
      direction="row"
    >
      <div
        class="jumbotron__Pane-sc-57ucq2-3 haEcMf"
      >
        <h1
          class="jumbotron__Title-sc-57ucq2-4 iDAMuW"
        >
          Enjoy on your TV.
           
        </h1>
        <h2
          class="jumbotron__SubTitle-sc-57ucq2-5 iPXJah"
        >
          Watch on smart TVs, PlayStation, Xbox, Chromecast, Apple TV, Blu-ray players and more.
        </h2>
      </div>
      <div
        class="jumbotron__Pane-sc-57ucq2-3 haEcMf"
      >
        <img
          alt="Tiger King on Filmix"
          class="jumbotron__Image-sc-57ucq2-6 kUxiHN"
          data-testid="1-jumbo-image"
          src="/images/misc/home-tv.jpg"
        />
      </div>
    </div>
  </div>
  <div
    class="jumbotron__Item-sc-57ucq2-0 fncCVE"
  >
    <div
      class="jumbotron__Inner-sc-57ucq2-1 dJqmoB"
      direction="row"
    >
      <div
        class="jumbotron__Pane-sc-57ucq2-3 haEcMf"
      >
        <h1
          class="jumbotron__Title-sc-57ucq2-4 iDAMuW"
        >
          Download your programmes to watch on the go.
           
        </h1>
        <h2
          class="jumbotron__SubTitle-sc-57ucq2-5 iPXJah"
        >
          Save your data and watch all your favourites offline.
        </h2>
      </div>
      <div
        class="jumbotron__Pane-sc-57ucq2-3 haEcMf"
      >
        <img
          alt="Watch on mobile"
          class="jumbotron__Image-sc-57ucq2-6 kUxiHN"
          data-testid="2-jumbo-image"
          src="/images/misc/home-mobile.jpg"
        />
      </div>
    </div>
  </div>
  <div
    class="jumbotron__Item-sc-57ucq2-0 fncCVE"
  >
    <div
      class="jumbotron__Inner-sc-57ucq2-1 dJqmoB"
      direction="row"
    >
      <div
        class="jumbotron__Pane-sc-57ucq2-3 haEcMf"
      >
        <h1
          class="jumbotron__Title-sc-57ucq2-4 iDAMuW"
        >
          Watch everywhere.
           
        </h1>
        <h2
          class="jumbotron__SubTitle-sc-57ucq2-5 iPXJah"
        >
          Stream unlimited films and TV programmes on your phone, tablet, laptop and TV without paying more.
        </h2>
      </div>
      <div
        class="jumbotron__Pane-sc-57ucq2-3 haEcMf"
      >
        <img
          alt="Money Heist on Filmix"
          class="jumbotron__Image-sc-57ucq2-6 kUxiHN"
          data-testid="3-jumbo-image"
          src="/images/misc/home-imac.jpg"
        />
      </div>
    </div>
  </div>
</div>
`;
