// Jest Snapshot v1, https://goo.gl/fbAQLP

exports[`<Player /> renders the <Player /> with short test video 1`] = `
<div
  class="player__Container-sc-1a4sfba-0"
>
  <button
    class="player__Button-sc-1a4sfba-3 fblEKW"
  >
    Watch
  </button>
</div>
`;
